*********************************************************************************************************************
**                      MEC V2.0.0  - Modeling, Integrated Design & Analysis Software                               *
**                                          GENERAL ANALYSIS SOLUTION                                               *
*********************************************************************************************************************
                                       ,...:+##########*+******************+*################****
                                ,,.*#########+.                                         :*###############
                             ..#########+.+.                                                   .#############*
     .#############,        ,+#########::##.                                                     .:############*:
     .##############:      .+#########.:###.                                                       .+###########*:.
     .################.   .#########::#####.                                                          *.#########*:.
     .#################. .+########+.###### .+######: *#########**+:.             *****         +*######.*########+.
     .#################+..#########.####### .#######: ################.          ########      *#########,+########.,
     .######## :#######:+########:######### .#######: #######***#########*     .##########    ########+.   ,,#######:
     .######## .#######.########+.######### .#######: #######   ..########,   .############   #########+:.   :######+
     :########  .*####:########: .######### .#######: #######     ,.######*   ######,,######   *############:+ #####, 
     :########  :#####:########: .######### .#######: #######     ,.#######  .#####+,,#######.  +#############+.###:,
     :########   .####:########. .######### .#######: #######     .:####### .######  ,*######,    +*############.##.
     :########   .####.########. .######### .#######: #######     ,:######*.:######   ,######*,     +**##########.#:
     :########   .+###:#######+  .######### .#######: #######    ,.*######+,######*   ,#######, ,,     :+*#########+
     :########    .##*:#######:  .######### .#######: #######    ,,####### +######,   ,*######:.######,  .:*#######+
     :########    .##++#######.  .######### .#######: #######   ..*#######,#######     .#######.######.,  .:#######+
     :########    .##:*#######.  .######### .#######: ###################*.######*      #######..######, ,,:#######+
     :########    .+#.########   .######### .#######: ################## ,#######       :#######...##############  
                                                                                                                      
                           COPYRIGHT (C) 1989-2026. MIDAS Information Technology Co., Ltd.                            
                           ALL RIGHTS RESERVED MIDAS IT Co., Ltd. (Jul 10 2026)                                       
                                                                                                                      
*********************************************************************************************************************



SUBCASE : SELFWEIGHT



SUBCASE : POINT


-------------------------------------------------------------------------------------------------------------------
                                                                                                                   
  YOUR JOB IS SUCCESSFULLY COMPLETED.......                                                                        
  TOTAL SOLUTION TIME: 0.075 SECONDS.
                                                                                                                   
-------------------------------------------------------------------------------------------------------------------
